<!DOCTYPE html>
<html lang="en">
<head>
	<!--META FILES-->
	<meta charset="utf-8">
	<meta http-equiv="X-UA-Compatible" content="IE=edge">
	<meta name="viewport" content="width=device-width, initial-scale=1.0">
	<!--TITLE-->
	<title>Global Media Centre</title>
	<!--GOOGLE FONTS-->
	<link href="https://fonts.googleapis.com/css?family=Roboto:400,500,700&display=swap" rel="stylesheet">
	<!--VENDORS FILES-->
	<link rel="stylesheet" href="vendors/normalize.css">
	<link rel="stylesheet" href="vendors/css/magnific-popup.css">
	<link rel="stylesheet" href="vendors/css/owl.carousel.min.css">
	<link rel="stylesheet" href="vendors/css/owl.theme.default.min.css">
	<link rel="stylesheet" href="vendors/css/meanmenu.min.css">
	<!--STYLESHEET-->
	<link rel="stylesheet" href="css/min.css" media="all">
	<link rel="stylesheet" href="responsive.css" media="all">
</head>
<body>
	<!--HEADER SECTION START-->
	<header class="fix">
		<div class="container">
			<div class="row">
				<div class="col-3 col-lg-12 col-md-12 col-sm-3">
					<!--MAIN LOGO-->
					<div class="logo">
						<a href="index.html"><img src="img/logo.png" alt="main-logo"></a>
					</div>
				</div>
				<div class="col-6 col-lg-9 col-md-9">
					<!--NAVIGATION START-->
					<div class="manu d-none">
						<nav id="mobile-menu">
							<ul>                                             
								<li><a href="#">Adventures</a>
									<ul class="sub-menu">
										<li><a href="#">sub manu 1</a></li>
										<li><a href="#">sub manu 2</a>
											<ul class="sub-menu">
												<li><a href="#">sub manu 1</a></li>
												<li><a href="#">sub manu 2</a></li>
												<li><a href="#">sub manu 3</a></li>
												<li><a href="#">sub manu 4</a>
													<ul class="sub-menu">
														<li><a href="#">sub manu 1</a></li>
														<li><a href="#">sub manu 2</a></li>
														<li><a href="#">sub manu 3</a></li>
														<li><a href="#">sub manu 4</a></li>
														<li><a href="#">sub manu 5</a></li>
													</ul>
												</li>
												<li><a href="#">sub manu 5</a></li>
											</ul>
										</li>
										<li><a href="#">sub manu 3</a></li>
										<li><a href="#">sub manu 4</a></li>
										<li><a href="#">sub manu 5</a></li>
									</ul>
								</li>
								<li><a href="#">Publishers</a></li>
								<li><a href="#">Agenciens</a></li>
								<li><a href="#">Company</a></li>
								<li><a href="#">Our Parthners</a></li>
								<li><a href="#">Contact</a></li>
							</ul>
						</nav>
					</div>
					<!--NAVIGATION END-->
				</div>
				<div class="col-3 col-lg-3 col-md-3 col-sm-9">
					<div class="header-right d-none">
						<div class="language d-none">
							<ul>
								<li><a href="#">EN <i class="fas fa-angle-down"></i></a></li>
							</ul>
						</div>						
						<div class="header-button">
							<a href="#">sign up</a>
						</div>					
					</div>
				</div>
				<div class="mobile-menu-active"></div>
			</div>
			<div class="container">
				<div class="row">
					<div class="hero-text">
						<h1>Global agency online marketing</h1>
						<a href="#">Sign Up right now</a>
					</div>
				</div>
			</div>
		</div>
	</header>
	<!--HEADER SECTION END-->

	<!--SERVICES SECTION START-->
	<section class="services-area fix">
		<div class="container">
			<div class="row">
				<div class="col-4 col-sm-12">
					<div class="single-services actives">
						<h2>Advertisers</h2>
						<p>That can be definitely said about the contemporary travel websites. </p>
						<a href="#" class="btn">join Now</a>
						<a href="#">Read More</a>
					</div>
				</div>
				<div class="col-4 col-sm-12">
					<div class="single-services">
						<h2>Publishers</h2>
						<p>That can be definitely said about the contemporary travel websites. </p>
						<a href="#" class="btn">join Now</a>
						<a href="#">Read More</a>
					</div>
				</div>
				<div class="col-4 col-sm-12">
					<div class="single-services">
						<h2>Agencies</h2>
						<p>That can be definitely said about the contemporary travel websites. </p>
						<a href="#" class="btn">join Now</a>
						<a href="#">Read More</a>
					</div>
				</div>
			</div>
		</div>
	</section>
	<!--SERVICES AREA END-->

	<!--WHY WE AREA START-->
	<section class="why-we-area fix">
		<div class="container">
			<div class="row">
				<div class="why-we-text">
					<h2>Why we?</h2>
					<p>That can be definitely said about the contemporary travel websites. </p>
				</div>
			</div>
			<div class="row">
				<div class="col-3 col-sm-12">
					<div class="choose-wapper">
						<img src="img/why-icons.png" alt="icon">
						<p>As the holidays approach, everything tends to get a little hectic. Stress levels increase, there seems to be more unfinished business to take care of than usual. And deadlines, which should always be met anyway,</p>
					</div>				
				</div>
				<div class="col-3 col-sm-12">
					<div class="choose-wapper">
						<img src="img/why-icons.png" alt="icon">
						<p>Even with jQuery’s popularity there’s no need to rely on a JS library for every project. Classic JavaScript works in all major browsers and it’s really all you need to build dynamic interfaces. </p>
					</div>
				</div>
				<div class="col-3 col-sm-12">
					<div class="choose-wapper">
						<img src="img/why-icons.png" alt="icon">
						<p>On the first day of Christmas my true love gave to me … a MacBook Pro with Creative Suite. Well, that’s not exactly how the holiday jingle goes, but if you are a web designer this list of gift suggestions is for you.</p>
					</div>
				</div>
				<div class="col-3 col-sm-12">
					<div class="choose-wapper">
						<img src="img/why-icons.png" alt="icon">
						<p>When custom label printer Consolidated Labels redesigned its website, their end goal was to increase customer conversions. Yet they liked their site, and didn’t see the need to make many changes. </p>
					</div>
				</div>
			</div>
		</div>
	</section>
	<!--WHY WE AREA END-->

	<!--WORK AREA START-->
	<section class="how-work-area fix">
		<div class="container">
			<div class="row">
				<div class="why-we-text">
					<h2>How we are working?</h2>
					<p>That can be definitely said about the contemporary travel websites.</p>
				</div>
			</div>
			<div class="row">
				<div class="col-2 col-md-4 col-sm-12">
					<div class="work actives">
						<h3>CPI</h3>
					</div>
				</div>
				<div class="col-2 col-md-4 col-sm-12">
					<div class="work">
						<h3>CPa</h3>
					</div>
				</div>
				<div class="col-2 col-md-4 col-sm-12">
					<div class="work">
						<h3>CPr</h3>
					</div>
				</div>
				<div class="col-2 col-md-4 col-sm-12">
					<div class="work">
						<h3>CPc</h3>
					</div>
				</div>
				<div class="col-2 col-md-4 col-sm-12">
					<div class="work">
						<h3>CPm</h3>
					</div>
				</div>
				<div class="col-2 col-md-4 col-sm-12">
					<div class="work">
						<h3>rsm</h3>
					</div>
				</div>
			</div>
		</div>
	</section>
	<!--WORK AREA END-->

	<!--ADVERTISERS AREA START-->
	<section class="advertisers-area fix">
		<div class="container">
			<div class="row">
				<div class="advertiser-carousel owl-carousel">
					<div class="advertisers-item">
						<div class="col-6 col-sm-12">
							<div class="advertisers-test">
								<h2>advertisers</h2>
								<p>hat can be definitely said about the contemporary travel websites. Whether it is an page for a local hotel or a feature-heavy portal that belongs to big holiday company, it fantastic interfaces are user magnets.</p>
								<a href="#">read more</a>
								<div class="downloads">
									<img src="img/download.png" alt="images">
									<img src="img/download1.png" alt="images">
								</div>
							</div>
						</div>
						<div class="col-6 col-sm-12">
							<div class="mobile">
								<img src="img/mobile.png" alt="mobile images">
							</div>
						</div>
					</div>
				</div>
			</div>
		</div>	
	</section>
	<!--ADVERTISERS AREA END-->

	<!--AGENCIES AREA START-->
	<section class="Agencies fix">
		<div class="container">
			<div class="row">
				<div class="col-12">
					<div class="Agencies-text">
						<h2>Agencies</h2>
						<p>Typography is an art combining perspective, technique and ingenuity. A great <br> design comes with great typography. </p>
					</div>
				</div>
			</div>
			<div class="row">
				<div class="col-6 col-sm-12">
					<div class="Agencies-wapper">
						<ul>
							<li>As the holidays approach, everything tends to get a little hectic. Stress levels increase, there seems to be more unfinished business to take care of than usual. And deadlines, which should always be met </li>
							<li>You can be the most creative and productive designer in the world, but it doesn’t mean anything without paid work. Designers can rely on repeat clients but it’s important to keep meeting new potential </li>
							<li>Today is your last day to shop the Cyber Monday sale and get 60% off! You can get the most popular tools for website creation at discounted prices. We have dropped the price of all our popular products </li>
						</ul>
					</div>
				</div>
				<div class="col-6 col-sm-12">
					<div class="Agencies-wapper">
						<ul>
							<li>As the holidays approach, everything tends to get a little hectic. Stress levels increase, there seems to be more unfinished business to take care of than usual. And deadlines, which should always be met </li>
							<li>You can be the most creative and productive designer in the world, but it doesn’t mean anything without paid work. Designers can rely on repeat clients but it’s important to keep meeting new potential </li>
							<li>Today is your last day to shop the Cyber Monday sale and get 60% off! You can get the most popular tools for website creation at discounted prices. We have dropped the price of all our popular products </li>
						</ul>
					</div>
				</div>	
			</div>
		</div>
	</section>
	<!--AGENCIES AREA END-->

	<!--VIDEO AREA START-->
	<section class="video-area fix" style="background-image: url(img/video-bg.jpg);background-size: cover; background-position: center center;">
		<div class="container">
			<div class="row">
				<div class="col-12">
					<div class="Publishers-hero">
						<h2>Publishers</h2>
						<p>hat can be definitely said about the contemporary travel websites. Whether it is an page for a local hotel or a feature-heavy portal that belongs to big holiday company, it fantastic interfaces are user magnets.</p>
					</div>
				</div>
				<div class="video-icons">
					<a class="video-popup" href="https://www.youtube.com/watch?v=uTKtJtNW0vM"><img src="img/video-icons.png" alt="video logo"></a>
				</div>
			</div>
		</div>
	</section>
	<!--VIDEO AREA END-->

	<!--ABOUT-US AREA START-->
	<section class="about-area fix py">
		<div class="container">
			<div class="row">
				<div class="col-12">	
					<div class="about-hero text-center">
						<h2>Fact about us</h2>
						<p>Whether you are creating for web or print, designing brochures or user interfaces, developing a brand identity or creating a logo, one of the key elements of a successful project is the typeface you are using. </p>
					</div>
				</div>
			</div>
			<div class="row">
				<div class="col-2 col-md-4 col-sm-12">
					<div class="about-wapper activate">
						<img src="img/about0.png" alt="about img">
						<p>Tips for Creating a Great Personal </p>
					</div>
				</div>
				<div class="col-2 col-md-4 col-sm-12">
					<div class="about-wapper">
						<img src="img/about1.png" alt="about img">
						<p>How to Create Checkout Form Using HTML</p>
					</div>
				</div>
				<div class="col-2 col-md-4 col-sm-12">
					<div class="about-wapper">
						<img src="img/about2.png" alt="about img">
						<p>WebAssembly Now in Browser Preview Mode</p>
					</div>
				</div>
				<div class="col-2 col-md-4 col-sm-12">
					<div class="about-wapper">
						<img src="img/about3.png" alt="about img">
						<p>Adobe Introduces Project Felix, Sensei</p>
					</div>
				</div>
				<div class="col-2 col-md-4 col-sm-12">
					<div class="about-wapper">
						<img src="img/about4.png" alt="about img">
						<p>A Design Workflow Comparison</p>
					</div>
				</div>
				<div class="col-2 col-md-4 col-sm-12">
					<div class="about-wapper">
						<img src="img/about5.png" alt="about img">
						<p>Top 5 Underutilized Web Performance </p>
					</div>
				</div>
			</div>	
		</div>
	</section>
	<!--ABOUT-US AREA END-->

	<!--GOOGLE-MAP AREA START-->
	<section class="map-area fix py" style="background-image: url(img/map.png);background-size: contain; background-position: center center;">
		<div class="container">
			<div class="row">
				<div class="map-address fix py">
					<span>phone:</span>
					<h3>+38 (098) 483 61 77</h3>

					<span>email:</span>
					<h3>info@globalmedia.com</h3>

					<span>skype:</span>
					<h3>globalmedia</h3>
				</div>
			</div>
		</div>
	</section>
	<!--GOOGLE-MAP AREA END-->

	<!--FOOTER AREA START-->
	<footer class="footer-area fix">
		<div class="container">
			<div class="row">
				<div class="copyright">
					<p>Copyright © 2019 Globalmedia. All Rights Reserved. Designmodo is a popular web design blog and shop.</p>
					<ul>
						<li><a href="#"><i class="fab fa-facebook-f"></i></a></li>
						<li><a href="#"><i class="fab fa-twitter"></i></a></li>
						<li><a href="#"><i class="fab fa-linkedin-in"></i></a></li>
					</ul>
				</div>
			</div>
		</div>
	</footer>
	<!--FOOTER AREA END-->
	














	<!--JS FILES--> 
	<script src="https://code.jquery.com/jquery-3.4.1.js"></script>
	<script src="vendors/js/owl.carousel.min.js"></script>
	<script src="vendors/js/jquery.magnific-popup.min.js"></script>
	<script src="vendors/js/jquery.meanmenu.min.js"></script>
	<!--VENDORS JS-->
	<script src="vendors/js/html5shiv.min.js"></script>
	<script src="vendors/js/respond.min.js"></script>
	<script src="vendors/js/selectivizr-min.js"></script>
	<!--FONTAWESOME-->
	<script src="https://kit.fontawesome.com/68342a81a8.js"></script>
	<!--CUSTOM JS-->
	<script src="js/min.js"></script>
</body>
</html>